
==============================================================================
STATE A - brand-new empty project
==============================================================================
        . A-empty / flow_present = True
        . A-empty / headers = 27 SUPPORTED DOCUMENT TYPES | 0 UPLOADED ON THIS PROJECT | 96 REGISTERED PROJECT MODULES | 0 WITH A CURRENT RESULT | 11 REGISTERED CATEGORIES | 0 ESTIMABLE NOW | PROJECT STATUS | NOT ESTIMABLE
        . A-empty / project_status_node = Project Status Not estimable
        . A-empty / animated_paths = 0
        . A-empty / active_marked_paths = 0
        . A-empty / summary_strip = This diagram shows the platform’s registered architecture: 27 supported document types, 96 registered project modules and 11 registered categories. It is what the platform can do, not what this project has done. This project has no uploaded documents and no current results, so nothing on the diagram is active and the project status is not estimable.
        . A-empty / rail_present_in_dom = True
        . A-empty / rail_visible = True
        . A-empty / rail_buttons = 10
        . A-empty / rail_targets_resolve = True of 10
        . A-empty / collapse_suspects_strict = []
  PASS  A-empty: uploaded project documents reads zero
  PASS  A-empty: executed module paths read zero
  PASS  A-empty: active category-result paths read zero
  PASS  A-empty: no evidence path is active
  PASS  A-empty: no path is marked active
  PASS  A-empty: no project status is fabricated
  PASS  A-empty: registered architecture stays visible and is labelled as architecture
  PASS  A-empty: the Signal navigation rail is present and visible
  PASS  A-empty: the rail carries numbered entries
  PASS  A-empty: every numbered link resolves to a real section target
  PASS  A-empty: no collapse or hide control exists in the DOM at all

==============================================================================
STATE B - populated project
==============================================================================
        . B-populated / flow_present = True
        . B-populated / headers = 27 SUPPORTED DOCUMENT TYPES | 24 UPLOADED ON THIS PROJECT | 96 REGISTERED PROJECT MODULES | 41 WITH A CURRENT RESULT | 11 REGISTERED CATEGORIES | 10 ESTIMABLE NOW | COST RECOVERY STATUS | CURRENT
        . B-populated / project_status_node = Project Status Amber
        . B-populated / animated_paths = 100
        . B-populated / active_marked_paths = 100
        . B-populated / summary_strip = This diagram shows the platform’s registered architecture: 27 supported document types, 96 registered project modules and 11 registered categories. It is what the platform can do, not what this project has done. This project currently has 24 uploaded documents across 6 types, 41 modules with a current result, 46 with no current result, 0 not applicable to this project and 9 disabled, and 10 estimable categories.
        . B-populated / rail_present_in_dom = True
        . B-populated / rail_visible = True
        . B-populated / rail_buttons = 10
        . B-populated / rail_targets_resolve = True of 10
        . B-populated / collapse_suspects_strict = []
  PASS  B-populated: the populated project reports its own uploaded documents
  PASS  B-populated: evidence paths are active when there is evidence
  PASS  B-populated: the Signal navigation rail is present and visible
  PASS  B-populated: the rail carries numbered entries
  PASS  B-populated: every numbered link resolves to a real section target
  PASS  B-populated: no collapse or hide control exists in the DOM at all

==============================================================================
STATE F - exactly one recognised document
==============================================================================
        . F-onedoc / flow_present = True
        . F-onedoc / headers = 27 SUPPORTED DOCUMENT TYPES | 1 UPLOADED ON THIS PROJECT | 96 REGISTERED PROJECT MODULES | 35 WITH A CURRENT RESULT | 11 REGISTERED CATEGORIES | 9 ESTIMABLE NOW | COST RECOVERY STATUS | CURRENT
        . F-onedoc / project_status_node = Project Status Amber
        . F-onedoc / animated_paths = 71
        . F-onedoc / active_marked_paths = 71
        . F-onedoc / summary_strip = This diagram shows the platform’s registered architecture: 27 supported document types, 96 registered project modules and 11 registered categories. It is what the platform can do, not what this project has done. This project currently has 1 uploaded document across 1 type, 35 modules with a current result, 52 with no current result, 0 not applicable to this project and 9 disabled, and 9 estimable categories.
        . F-onedoc / rail_present_in_dom = True
        . F-onedoc / rail_visible = True
        . F-onedoc / rail_buttons = 10
        . F-onedoc / rail_targets_resolve = True of 10
        . F-onedoc / collapse_suspects_strict = []
  PASS  F-onedoc: the uploaded count is exactly one
        . F-onedoc / animated_vs_populated = 71 of 100
  PASS  F-onedoc: activation is selective, not all-or-nothing
  PASS  F-onedoc: the Signal navigation rail is present and visible
  PASS  F-onedoc: the rail carries numbered entries
  PASS  F-onedoc: every numbered link resolves to a real section target
  PASS  F-onedoc: no collapse or hide control exists in the DOM at all

==============================================================================
STATE E - switching between populated and empty and back
==============================================================================
        . E-switch-1-populated / flow_present = True
        . E-switch-1-populated / headers = 27 SUPPORTED DOCUMENT TYPES | 24 UPLOADED ON THIS PROJECT | 96 REGISTERED PROJECT MODULES | 41 WITH A CURRENT RESULT | 11 REGISTERED CATEGORIES | 10 ESTIMABLE NOW | COST RECOVERY STATUS | CURRENT
        . E-switch-1-populated / project_status_node = Project Status Red
        . E-switch-1-populated / animated_paths = 100
        . E-switch-1-populated / active_marked_paths = 100
        . E-switch-1-populated / summary_strip = This diagram shows the platform’s registered architecture: 27 supported document types, 96 registered project modules and 11 registered categories. It is what the platform can do, not what this project has done. This project currently has 24 uploaded documents across 6 types, 41 modules with a current result, 46 with no current result, 0 not applicable to this project and 9 disabled, and 10 estimable categories.
        . E-switch-1-populated / rail_present_in_dom = True
        . E-switch-1-populated / rail_visible = True
        . E-switch-1-populated / rail_buttons = 10
        . E-switch-1-populated / rail_targets_resolve = True of 10
        . E-switch-1-populated / collapse_suspects_strict = []
        . E-switch-2-empty / flow_present = True
        . E-switch-2-empty / headers = 27 SUPPORTED DOCUMENT TYPES | 0 UPLOADED ON THIS PROJECT | 96 REGISTERED PROJECT MODULES | 0 WITH A CURRENT RESULT | 11 REGISTERED CATEGORIES | 0 ESTIMABLE NOW | PROJECT STATUS | NOT ESTIMABLE
        . E-switch-2-empty / project_status_node = Project Status Not estimable
        . E-switch-2-empty / animated_paths = 0
        . E-switch-2-empty / active_marked_paths = 0
        . E-switch-2-empty / summary_strip = This diagram shows the platform’s registered architecture: 27 supported document types, 96 registered project modules and 11 registered categories. It is what the platform can do, not what this project has done. This project has no uploaded documents and no current results, so nothing on the diagram is active and the project status is not estimable.
        . E-switch-2-empty / rail_present_in_dom = True
        . E-switch-2-empty / rail_visible = True
        . E-switch-2-empty / rail_buttons = 10
        . E-switch-2-empty / rail_targets_resolve = True of 10
        . E-switch-2-empty / collapse_suspects_strict = []
        . E-switch-3-populated / flow_present = True
        . E-switch-3-populated / headers = 27 SUPPORTED DOCUMENT TYPES | 24 UPLOADED ON THIS PROJECT | 96 REGISTERED PROJECT MODULES | 41 WITH A CURRENT RESULT | 11 REGISTERED CATEGORIES | 10 ESTIMABLE NOW | COST RECOVERY STATUS | CURRENT
        . E-switch-3-populated / project_status_node = Project Status Red
        . E-switch-3-populated / animated_paths = 100
        . E-switch-3-populated / active_marked_paths = 100
        . E-switch-3-populated / summary_strip = This diagram shows the platform’s registered architecture: 27 supported document types, 96 registered project modules and 11 registered categories. It is what the platform can do, not what this project has done. This project currently has 24 uploaded documents across 6 types, 41 modules with a current result, 46 with no current result, 0 not applicable to this project and 9 disabled, and 10 estimable categories.
        . E-switch-3-populated / rail_present_in_dom = True
        . E-switch-3-populated / rail_visible = True
        . E-switch-3-populated / rail_buttons = 10
        . E-switch-3-populated / rail_targets_resolve = True of 10
        . E-switch-3-populated / collapse_suspects_strict = []
  PASS  E-switch: the populated project reads the same before and after the switch
  PASS  E-switch-2-empty: uploaded project documents reads zero
  PASS  E-switch-2-empty: executed module paths read zero
  PASS  E-switch-2-empty: active category-result paths read zero
  PASS  E-switch-2-empty: no evidence path is active
  PASS  E-switch-2-empty: no path is marked active
  PASS  E-switch-2-empty: no project status is fabricated
  PASS  E-switch-2-empty: registered architecture stays visible and is labelled as architecture
  PASS  E-switch: the empty project does not inherit the populated project's figures
  PASS  E-switch-2-empty: the Signal navigation rail is present and visible
  PASS  E-switch-2-empty: the rail carries numbered entries
  PASS  E-switch-2-empty: every numbered link resolves to a real section target
  PASS  E-switch-2-empty: no collapse or hide control exists in the DOM at all

==============================================================================
STATE C - clear-all, same session
==============================================================================
        . C-before / server_live_row = True
        . C-clear / button_click = clicked
  PASS  C-clear: the real clear-all control exists on the served page and was clicked
        . C-clear / window_confirm_calls_during_clear_all = 0
        . C-clear / window_confirm_records = []
        . C-clear / native_dialogs_raised = []
        . C-clear / confirm_suppressed_total = 0
        . C-clear / server_live_row_after = False
  PASS  C-clear: the operation reached the authoritative layer and retired the live row
  PASS  C-clear: the clear-all was not silently suppressed by a confirm dialog
        . C-cleared-same-session / flow_present = True
        . C-cleared-same-session / headers = 27 SUPPORTED DOCUMENT TYPES | 0 UPLOADED ON THIS PROJECT | 96 REGISTERED PROJECT MODULES | 0 WITH A CURRENT RESULT | 11 REGISTERED CATEGORIES | 0 ESTIMABLE NOW | PROJECT STATUS | NOT ESTIMABLE
        . C-cleared-same-session / project_status_node = Project Status Not estimable
        . C-cleared-same-session / animated_paths = 0
        . C-cleared-same-session / active_marked_paths = 0
        . C-cleared-same-session / summary_strip = This diagram shows the platform’s registered architecture: 27 supported document types, 96 registered project modules and 11 registered categories. It is what the platform can do, not what this project has done. This project has no uploaded documents and no current results, so nothing on the diagram is active and the project status is not estimable.
        . C-cleared-same-session / rail_present_in_dom = True
        . C-cleared-same-session / rail_visible = True
        . C-cleared-same-session / rail_buttons = 10
        . C-cleared-same-session / rail_targets_resolve = True of 10
        . C-cleared-same-session / collapse_suspects_strict = []
  PASS  C-cleared-same-session: uploaded project documents reads zero
  PASS  C-cleared-same-session: executed module paths read zero
  PASS  C-cleared-same-session: active category-result paths read zero
  PASS  C-cleared-same-session: no evidence path is active
  PASS  C-cleared-same-session: no path is marked active
  PASS  C-cleared-same-session: no project status is fabricated
  PASS  C-cleared-same-session: registered architecture stays visible and is labelled as architecture
  PASS  C-cleared-same-session: the Signal navigation rail is present and visible
  PASS  C-cleared-same-session: the rail carries numbered entries
  PASS  C-cleared-same-session: every numbered link resolves to a real section target
  PASS  C-cleared-same-session: no collapse or hide control exists in the DOM at all

==============================================================================
STATE D - the cleared project after a REAL page reload
==============================================================================
        . D-reload / sentinel_before = sentinel
        . D-reload / reload_error = Page.reload: Timeout 45000ms exceeded.
Call log:
waiting for navigation until "commit"

        . D-reload / reload_returned = no
        . D-reload / poll_timeout_last_error = Page.evaluate: Execution context was destroyed, most likely because of a navigat
        . D-reload / sentinel_after = POLL_TIMED_OUT
        . D-reload / reload_primitive_settled = no
        . D-reload / harness_limitation = the reloaded document does not settle on a fully driven page; a fresh document is used instead and is a stronger test of the same property
  PASS  D-fresh: the new document carries none of the driven page's state
        . D-cleared-fresh-document / flow_present = True
        . D-cleared-fresh-document / headers = 27 SUPPORTED DOCUMENT TYPES | 0 UPLOADED ON THIS PROJECT | 96 REGISTERED PROJECT MODULES | 0 WITH A CURRENT RESULT | 11 REGISTERED CATEGORIES | 0 ESTIMABLE NOW | PROJECT STATUS | NOT ESTIMABLE
        . D-cleared-fresh-document / project_status_node = Project Status Not estimable
        . D-cleared-fresh-document / animated_paths = 0
        . D-cleared-fresh-document / active_marked_paths = 0
        . D-cleared-fresh-document / summary_strip = This diagram shows the platform’s registered architecture: 27 supported document types, 96 registered project modules and 11 registered categories. It is what the platform can do, not what this project has done. This project has no uploaded documents and no current results, so nothing on the diagram is active and the project status is not estimable.
        . D-cleared-fresh-document / rail_present_in_dom = True
        . D-cleared-fresh-document / rail_visible = True
        . D-cleared-fresh-document / rail_buttons = 10
        . D-cleared-fresh-document / rail_targets_resolve = True of 10
        . D-cleared-fresh-document / collapse_suspects_strict = []
  PASS  D-cleared-fresh-document: uploaded project documents reads zero
  PASS  D-cleared-fresh-document: executed module paths read zero
  PASS  D-cleared-fresh-document: active category-result paths read zero
  PASS  D-cleared-fresh-document: no evidence path is active
  PASS  D-cleared-fresh-document: no path is marked active
  PASS  D-cleared-fresh-document: no project status is fabricated
  PASS  D-cleared-fresh-document: registered architecture stays visible and is labelled as architecture
  PASS  D-cleared-fresh-document: the Signal navigation rail is present and visible
  PASS  D-cleared-fresh-document: the rail carries numbered entries
  PASS  D-cleared-fresh-document: every numbered link resolves to a real section target
  PASS  D-cleared-fresh-document: no collapse or hide control exists in the DOM at all
        . D-cleared-fresh-document / server_live_row = False
  PASS  D-fresh: the server still holds no live derived row for the cleared project

==============================================================================
GATE 3 - the obsolete control is absent at every supported desktop width
==============================================================================
        . W-1280 / rail_visible = True
        . W-1280 / rail_buttons = 10
        . W-1280 / collapse_suspects_strict = []
  PASS  W-1280: the Signal navigation rail is present and visible
  PASS  W-1280: the rail carries numbered entries
  PASS  W-1280: every numbered link resolves to a real section target
  PASS  W-1280: no collapse or hide control exists in the DOM at all
        . W-1280 / geometry = {"scrollable": true, "navRight": 48, "navWidth": 36, "bodyOverflowX": false}
  PASS  W-1280: the Project Detail page remains scrollable
  PASS  W-1280: the rail does not push the page into horizontal overflow
        . W-1440 / rail_visible = True
        . W-1440 / rail_buttons = 10
        . W-1440 / collapse_suspects_strict = []
  PASS  W-1440: the Signal navigation rail is present and visible
  PASS  W-1440: the rail carries numbered entries
  PASS  W-1440: every numbered link resolves to a real section target
  PASS  W-1440: no collapse or hide control exists in the DOM at all
        . W-1440 / geometry = {"scrollable": true, "navRight": 48, "navWidth": 36, "bodyOverflowX": false}
  PASS  W-1440: the Project Detail page remains scrollable
  PASS  W-1440: the rail does not push the page into horizontal overflow
        . W-1680 / rail_visible = True
        . W-1680 / rail_buttons = 10
        . W-1680 / collapse_suspects_strict = []
  PASS  W-1680: the Signal navigation rail is present and visible
  PASS  W-1680: the rail carries numbered entries
  PASS  W-1680: every numbered link resolves to a real section target
  PASS  W-1680: no collapse or hide control exists in the DOM at all
        . W-1680 / geometry = {"scrollable": true, "navRight": 48, "navWidth": 36, "bodyOverflowX": false}
  PASS  W-1680: the Project Detail page remains scrollable
  PASS  W-1680: the rail does not push the page into horizontal overflow
        . W-1920 / rail_visible = True
        . W-1920 / rail_buttons = 10
        . W-1920 / collapse_suspects_strict = []
  PASS  W-1920: the Signal navigation rail is present and visible
  PASS  W-1920: the rail carries numbered entries
  PASS  W-1920: every numbered link resolves to a real section target
  PASS  W-1920: no collapse or hide control exists in the DOM at all
        . W-1920 / geometry = {"scrollable": true, "navRight": 48, "navWidth": 36, "bodyOverflowX": false}
  PASS  W-1920: the Project Detail page remains scrollable
  PASS  W-1920: the rail does not push the page into horizontal overflow
        . browser / page_errors = []
        . browser / native_dialogs_total = []

wrote /home/user/LinPRojectRadar/code_audit/run16_final_flow_run18_browser_facts.csv

RESULT: 87/87 checks passed
