Building migrated template db at /tmp/tmp.0vc3mYN2Ba/template.db ...
ok    tools/test_admin_ops_t7t8.py  60/60
ok    tools/test_assignment_blinding.py  50/50
ok    tools/test_auth_session.py  52/52
ok    tools/test_courses_of_action.py  30/30
ok    tools/test_d1_module_inputs.py  101/101
ok    tools/test_decision_sequence.py  60/60
ok    tools/test_decision_ui_t4.py  86/86
ok    tools/test_disclaimers.py  147/147
ok    tools/test_doc_risk_range.py  66/66
ok    tools/test_document_rows.py  36/36
ok    tools/test_document_versioning.py  29/29
ok    tools/test_documents_b7b.py  76/76
ok    tools/test_docx_extraction.py  41/41
ok    tools/test_drive_import.py  37/37
ok    tools/test_expert_reference_t6.py  59/59
ok    tools/test_export.py  77/77
ok    tools/test_export_workbook.py  47/47
ok    tools/test_extraction_prompt.py  119/119
ok    tools/test_facade_and_user_lifecycle.py  26/26
ok    tools/test_features.py  49/49
ok    tools/test_files_tab.py  63/63
ok    tools/test_geocode_providers.py  31/31
ok    tools/test_group_assignment.py  18/18
ok    tools/test_ledger_empty_states.py  21/21
ok    tools/test_malformed_numerics.py  46/46
ok    tools/test_map_and_module_count.py  72/72
ok    tools/test_membership.py  50/50
ok    tools/test_period_assignment.py  45/45
ok    tools/test_period_lifecycle.py  35/35
ok    tools/test_period_number_picker.py  25/25
ok    tools/test_period_picker_and_evidence.py  123/123
ok    tools/test_period_series.py  40/40
ok    tools/test_pre_lock_guard.py  20/20
ok    tools/test_project_delete.py  19/19
ok    tools/test_research_identity.py  41/41
ok    tools/test_risk_register_and_notices.py  124/124
ok    tools/test_run10_bucket2_corrections.py  129/129
ok    tools/test_run10_monte_carlo_eac_fixture.py  222/222
ok    tools/test_run10_state_protection.py  84/84
ok    tools/test_run10_synthetic_v03.py  121/121
ok    tools/test_run10b_a1_7_domain.py  101/101
ok    tools/test_run10b_canonical_integration.py  178/178
ok    tools/test_run11_browser_server_authority.py  62/62
ok    tools/test_run11_defensibility_claims.py  128/128
ok    tools/test_run11_neighbour_defects.py  121/121
ok    tools/test_run11_status_and_conflict.py  39/39
ok    tools/test_run12_category9_qualification.py  70/70
ok    tools/test_run12_final_verification.py  50/50
ok    tools/test_run13_module_evidence.py  189/189
ok    tools/test_run14_anomaly_detectors.py  41/41
ok    tools/test_run14_disabled_method_functional.py  111/111
ok    tools/test_run14_mismatch_remediation.py  112/112
ok    tools/test_run15_cusum_calibration.py  82/82
ok    tools/test_run15_disabled_root_cause.py  64/64
ok    tools/test_run15_isolation_forest.py  81/81
ok    tools/test_run16_clear_all_invalidation.py  21/21
ok    tools/test_run16_final_flow_and_rail.py  78/78
ok    tools/test_run16_material_cost_variance_disabled.py  78/78
ok    tools/test_run17_scientific_methods.py  250/250
ok    tools/test_run19_category_10.py  85/85
ok    tools/test_run19_category_2.py  148/148
ok    tools/test_run19_category_3.py  117/117
ok    tools/test_run19_category_4.py  142/142
ok    tools/test_run19_category_5.py  134/134
ok    tools/test_run19_category_7.py  227/227
ok    tools/test_run19_category_8.py  138/138
ok    tools/test_run19_category_9.py  109/109
ok    tools/test_run1_disable_and_relabel.py  68/68
ok    tools/test_run20_advisory_lineage_disclosure.py  202/202
ok    tools/test_run20_b21_dst_lineage.py  69/69
ok    tools/test_run20_category9_gate.py  61/61
ok    tools/test_run20_cycle10_truthful_labels.py  49/49
ok    tools/test_run20_cycle11_parameter_provenance.py  41/41
ok    tools/test_run20_cycle12_fault_evidence.py  16/16
ok    tools/test_run20_cycle12_lineage_and_guards.py  33/33
ok    tools/test_run20_cycle12_reaudit.py  30/30
ok    tools/test_run20_cycle8_arch3_clusters.py  115/115
ok    tools/test_run20_cycle9_arch5_siblings.py  108/108
ok    tools/test_run20_cycle9_fusion_undeclared.py  53/53
ok    tools/test_run20_cycle9_p1_implementation_defects.py  125/125
ok    tools/test_run20_declared_production_changes.py  76/76
ok    tools/test_run20_lineage_declaration_truth.py  288/288
ok    tools/test_run20_lineage_model.py  143/143
ok    tools/test_run20_lineage_reproduction.py  32/32
ok    tools/test_run20_p0b_evidence_domain.py  47/47
ok    tools/test_run20_primitive_lineage.py  149/149
ok    tools/test_run20_voting_lineage.py  100/100
ok    tools/test_run21_governance_instrument_parity.py  171/171
ok    tools/test_run21_instrument_invariants.py  28/28
ok    tools/test_run21_lineage_presentation.py  36/36
ok    tools/test_run21_reset_disclosure.py  32/32
ok    tools/test_run22_period_generalization.py  33/33
ok    tools/test_run22_production_tree_completeness.py  42/42
ok    tools/test_run2_fifteen_defects.py  237/237
ok    tools/test_run3_adapter.py  51/51
ok    tools/test_run4_validate_seven.py  229/229
ok    tools/test_run5_export.py  34/34
ok    tools/test_run6_known_answer.py  489/489
ok    tools/test_run7_fix_now_defects.py  291/291
ok    tools/test_run8_retest_classify_27.py  274/274
ok    tools/test_run9_synthetic_integration.py  84/84
ok    tools/test_schedule_milestones.py  75/75
ok    tools/test_simulation.py  31/31
ok    tools/test_six_fixes.py  24/24
ok    tools/test_stale_period_recompute.py  39/39
ok    tools/test_storage_redesign.py  32/32
ok    tools/test_submittal_and_fairness.py  23/23
ok    tools/test_theme_plain.py  98/98
ok    tools/test_training_detail.py  65/65
ok    tools/test_training_events.py  42/42
ok    tools/test_training_gating.py  43/43
ok    tools/test_training_loop.py  54/54
ok    tools/test_training_options.py  29/29
ok    tools/test_training_portfolio_isolation.py  13/13
ok    tools/test_training_quality.py  39/39
ok    tools/test_training_regimes.py  45/45
ok    tools/test_training_resources.py  63/63
ok    tools/test_transitions.py  58/58
ok    tools/test_unbounded_schedule.py  87/87
ok    tools/test_workspace_t3t5.py  78/78
ok    tools/test_writes_a1b.py  104/104

====================================================
Suites run: 121   Total checks: 10411/10411
ALL SUITES GREEN
